id	chr	start	stop	terms
132	22	50	100	Autism|Hypotonia|Intellectual disability
647	22	500	1000	Intellectual disability|Turricephaly
648	22	52	102	Hearing impairment|Intellectual disability|Microcephaly
648	22	10000	20000	Hearing impairment|Intellectual disability|Microcephaly
