625	ENSG00000128563.13
625	ENSG00000290830.1
625	ENSG00000239969.7
625	ENSG00000239486.1
625	ENSG00000221510.1
625	ENSG00000239480.1
625	ENSG00000160991.17
625	ENSG00000160993.4
625	ENSG00000161036.13
625	ENSG00000284176.1
625	ENSG00000284596.1
625	ENSG00000005075.16
625	ENSG00000170667.16
625	ENSG00000168255.20
625	ENSG00000284981.2
625	ENSG00000270249.2
625	ENSG00000205238.12
625	ENSG00000285437.2
625	ENSG00000279168.2
625	ENSG00000105808.19
625	ENSG00000205236.6
625	ENSG00000267368.1
625	ENSG00000267645.5
625	ENSG00000173678.15
625	ENSG00000228049.8
625	ENSG00000233297.4
625	ENSG00000286830.1
625	ENSG00000222011.9
625	ENSG00000213385.3
625	ENSG00000161040.19
625	ENSG00000252643.1
625	ENSG00000238324.1
625	ENSG00000128606.13
625	ENSG00000230257.7
625	ENSG00000236226.1
625	ENSG00000170632.14
625	ENSG00000233025.1
625	ENSG00000161048.12
625	ENSG00000224415.1
625	ENSG00000236848.2
625	ENSG00000289956.1
625	ENSG00000279482.1
625	ENSG00000291139.1
625	ENSG00000170629.17
625	ENSG00000237632.3
625	ENSG00000105819.15
625	ENSG00000105821.15
625	ENSG00000289613.1
625	ENSG00000161057.13
625	ENSG00000235354.1
625	ENSG00000170615.15
625	ENSG00000251852.1
625	ENSG00000252047.1
625	ENSG00000234715.2
625	ENSG00000189056.15
625	ENSG00000222386.1
625	ENSG00000164815.11
625	ENSG00000187416.13
625	ENSG00000197258.5
625	ENSG00000226869.6
625	ENSG00000237606.2
625	ENSG00000225329.3
625	ENSG00000243352.3
625	ENSG00000005483.23
625	ENSG00000228393.6
625	ENSG00000239569.5
625	ENSG00000289360.1
625	ENSG00000288914.1
625	ENSG00000272918.1
625	ENSG00000135250.17
625	ENSG00000270764.1
625	ENSG00000271482.1
625	ENSG00000213361.2
625	ENSG00000244490.1
625	ENSG00000242154.1
625	ENSG00000201179.1
625	ENSG00000091127.14
626	ENSG00000108840.16
626	ENSG00000267638.1
626	ENSG00000212446.1
626	ENSG00000125319.15
626	ENSG00000161664.7
626	ENSG00000267080.8
626	ENSG00000168591.16
626	ENSG00000087152.16
626	ENSG00000267394.2
626	ENSG00000108312.16
626	ENSG00000275107.1
627	ENSG00000274962.1
627	ENSG00000166160.9
627	ENSG00000277009.1
627	ENSG00000269433.4
627	ENSG00000278057.4
627	ENSG00000007350.17
