132	Autism|Hypotonia|Intellectual disability	22	50	100
647	Intellectual disability|Turricephaly	22	500	1000
648	Hearing impairment|Intellectual disability|Microcephaly	22	52	102
648	Hearing impairment|Intellectual disability|Microcephaly	22	10000	20000
