id	chr	start	stop	terms
132	22	50	100	HP:0000717|HP:0001249|HP:0001252
647	22	500	1000	HP:0000262|HP:0001249
648	22	52	102	HP:0000252|HP:0000365|HP:0001249
648	22	10000	20000	HP:0000252|HP:0000365|HP:0001249
