132	HP:0000717|HP:0001249|HP:0001252	22	50	100
647	HP:0000262|HP:0001249	22	500	1000
648	HP:0000252|HP:0000365|HP:0001249	22	52	102
648	HP:0000252|HP:0000365|HP:0001249	22	10000	20000
