625	PRKRIP1
625	ENSG00000290830
625	ENSG00000239969
625	ENSG00000239486
625	MIR548O
625	ENSG00000239480
625	ORAI2
625	ALKBH4
625	LRWD1
625	MIR5090
625	MIR4467
625	POLR2J
625	RASA4B
625	POLR2J3
625	UPK3BL2
625	ENSG00000270249
625	SPDYE2
625	ENSG00000279168
625	RASA4
625	ENSG00000205236
625	UPK3BL1
625	ENSG00000267645
625	SPDYE2B
625	POLR2J2
625	RASA4DP
625	ENSG00000286830
625	FAM185A
625	RPL7AP39
625	FBXL13
625	RNU6-1136P
625	RN7SKP198
625	LRRC17
625	NFE4
625	ENSG00000236226
625	ARMC10
625	CRYZP1
625	NAPEPLD
625	ENSG00000224415
625	RPL23AP95
625	ENSG00000289956
625	ENSG00000279482
625	DPY19L2P2
625	S100A11P1
625	PMPCB
625	DNAJC2
625	ENSG00000289613
625	PSMC2
625	RPS29P16
625	SLC26A5
625	Y_RNA
625	SLC26A5-AS1
625	RELN
625	RN7SKP86
625	ORC5
625	LHFPL3
625	EIF4BP6
625	LHFPL3-AS1
625	ENSG00000237606
625	LHFPL3-AS2
625	RN7SL8P
625	KMT2E
625	LINC01004
625	KMT2E-AS1
625	ENSG00000289360
625	ENSG00000288914
625	ENSG00000272918
625	SRPK2
625	ENSG00000270764
625	ENSG00000271482
625	RPL36P12
625	RWDD4P1
625	ENSG00000242154
625	RNU6-1322P
625	PUS7
626	HDAC5
626	ENSG00000267638
626	RNU6-131P
626	HROB
626	ASB16
626	ASB16-AS1
626	TMUB2
626	ATXN7L3
626	ATXN7L3-AS1
626	UBTF
626	MIR6782
627	TEX28P1
627	OPN1MW2
627	TEX28P3
627	OPN1MW3
627	TEX28
627	TKTL1
